(kicad_pcb (version 20211014) (generator kiutils)

  (general
    (thickness 1.6)
  )

  (paper "A4")
  (layers
    (0 "F.Cu" signal)
  )

  (setup
    (pad_to_mask_clearance 0)
    (pcbplotparams
      (layerselection 0x00010ff_ffffffff)
      (disableapertmacros no)
      (usegerberextensions no)
      (usegerberattributes no)
      (usegerberadvancedattributes no)
      (creategerberjobfile no)
      (svguseinch no)
      (svgprecision 6)
      (excludeedgelayer no)
      (plotframeref yes)
      (viasonmask yes)
      (mode 1)
      (useauxorigin no)
      (hpglpennumber 1)
      (hpglpenspeed 20)
      (hpglpendiameter 15)
      (dxfpolygonmode yes)
      (dxfimperialunits yes)
      (dxfusepcbnewfont yes)
      (psnegative no)
      (psa4output no)
      (plotreference yes)
      (plotvalue yes)
      (plotinvisibletext yes)
      (sketchpadsonfab yes)
      (subtractmaskfromsilk no)
      (outputformat 1)
      (mirror no)
      (drillshape 0)
      (scaleselection 1)
      (outputdirectory "")
    )
  )

  (net 0 "")

)
